2026-06-20 18:06:48,926 [INFO] Logging successfully configured. Saving logs to: logs/rl_dimun.log
2026-06-20 18:06:48,927 [INFO] Initializing Pipeline Manager...
2026-06-20 18:06:48,928 [INFO] Initializing DateDetector with weights: /bakha/vhome/gpyda/scratch/Deep_Learning_Project/runs/detect/outputs/detector/run_20260620_170343/weights/best.pt
2026-06-20 18:06:49,001 [INFO] Initializing EasyOCR with languages: ['en']
2026-06-20 18:06:50,124 [INFO] Pipeline initialized successfully.
2026-06-20 18:06:50,125 [INFO] Processing image: /sekhemet/scratch/gpyda/Deep_Learning_Project/reallife_pictures/20260620_164132.jpg
2026-06-20 18:06:50,429 [INFO] Extracted Text: 26-05-2027
2026-06-20 18:06:50,436 [INFO] Processing image: /sekhemet/scratch/gpyda/Deep_Learning_Project/reallife_pictures/20260620_164142.jpg
2026-06-20 18:06:50,540 [INFO] Extracted Text: 62/08. 2
2026-06-20 18:06:50,549 [INFO] Processing image: /sekhemet/scratch/gpyda/Deep_Learning_Project/reallife_pictures/20260620_164152.jpg
2026-06-20 18:06:50,621 [WARNING] No expiry date found on the image.
2026-06-20 18:06:50,630 [INFO] Processing image: /sekhemet/scratch/gpyda/Deep_Learning_Project/reallife_pictures/20260620_164156.jpg
2026-06-20 18:06:50,702 [WARNING] No expiry date found on the image.
2026-06-20 18:06:50,708 [INFO] Processing image: /sekhemet/scratch/gpyda/Deep_Learning_Project/reallife_pictures/20260620_164210.jpg
2026-06-20 18:06:50,795 [INFO] Extracted Text: 28-04-202
2026-06-20 18:06:50,804 [INFO] Processing image: /sekhemet/scratch/gpyda/Deep_Learning_Project/reallife_pictures/20260620_164221.jpg
2026-06-20 18:06:50,878 [WARNING] No expiry date found on the image.
2026-06-20 18:06:50,886 [INFO] Processing image: /sekhemet/scratch/gpyda/Deep_Learning_Project/reallife_pictures/20260620_164242.jpg
2026-06-20 18:06:50,998 [INFO] Extracted Text: 
2026-06-20 18:06:51,007 [INFO] Processing image: /sekhemet/scratch/gpyda/Deep_Learning_Project/reallife_pictures/20260620_164253.jpg
2026-06-20 18:06:51,096 [INFO] Extracted Text: AINA
2026-06-20 18:06:51,113 [INFO] Processing image: /sekhemet/scratch/gpyda/Deep_Learning_Project/reallife_pictures/20260620_164311.jpg
2026-06-20 18:06:51,195 [WARNING] No expiry date found on the image.
2026-06-20 18:06:51,205 [INFO] Processing image: /sekhemet/scratch/gpyda/Deep_Learning_Project/reallife_pictures/20260620_164318.jpg
2026-06-20 18:06:51,296 [INFO] Extracted Text: 
2026-06-20 18:06:51,306 [INFO] Processing image: /sekhemet/scratch/gpyda/Deep_Learning_Project/reallife_pictures/73e2498c-93f5-4aec-b839-bc10c3358524.jpg
2026-06-20 18:06:51,342 [INFO] Extracted Text: 03/2028
2026-06-20 18:07:45,668 [INFO] Logging successfully configured. Saving logs to: logs/rl_dimun.log
2026-06-20 18:07:45,669 [INFO] Initializing Pipeline Manager...
2026-06-20 18:07:45,671 [INFO] Initializing DateDetector with weights: /bakha/vhome/gpyda/scratch/Deep_Learning_Project/runs/detect/outputs/detector/run_20260620_170343/weights/best.pt
2026-06-20 18:07:45,745 [INFO] Initializing EasyOCR with languages: ['en']
2026-06-20 18:07:46,893 [INFO] Pipeline initialized successfully.
2026-06-20 18:07:46,894 [INFO] Processing image: /sekhemet/scratch/gpyda/Deep_Learning_Project/reallife_pictures/20260620_164132.jpg
2026-06-20 18:07:47,162 [INFO] Extracted Text: 26-05-2027
2026-06-20 18:07:47,169 [INFO] Processing image: /sekhemet/scratch/gpyda/Deep_Learning_Project/reallife_pictures/20260620_164142.jpg
2026-06-20 18:07:47,263 [INFO] Extracted Text: 62/08. 2
2026-06-20 18:07:47,272 [INFO] Processing image: /sekhemet/scratch/gpyda/Deep_Learning_Project/reallife_pictures/20260620_164152.jpg
2026-06-20 18:07:47,346 [WARNING] No expiry date found on the image.
2026-06-20 18:07:47,355 [INFO] Processing image: /sekhemet/scratch/gpyda/Deep_Learning_Project/reallife_pictures/20260620_164156.jpg
2026-06-20 18:07:47,432 [WARNING] No expiry date found on the image.
2026-06-20 18:07:47,438 [INFO] Processing image: /sekhemet/scratch/gpyda/Deep_Learning_Project/reallife_pictures/20260620_164210.jpg
2026-06-20 18:07:47,528 [INFO] Extracted Text: 28-04-202
2026-06-20 18:07:47,538 [INFO] Processing image: /sekhemet/scratch/gpyda/Deep_Learning_Project/reallife_pictures/20260620_164221.jpg
2026-06-20 18:07:47,613 [WARNING] No expiry date found on the image.
2026-06-20 18:07:47,623 [INFO] Processing image: /sekhemet/scratch/gpyda/Deep_Learning_Project/reallife_pictures/20260620_164242.jpg
2026-06-20 18:07:47,703 [INFO] Extracted Text: 
2026-06-20 18:07:47,714 [INFO] Processing image: /sekhemet/scratch/gpyda/Deep_Learning_Project/reallife_pictures/20260620_164253.jpg
2026-06-20 18:07:47,800 [INFO] Extracted Text: AINA
2026-06-20 18:07:47,807 [INFO] Processing image: /sekhemet/scratch/gpyda/Deep_Learning_Project/reallife_pictures/20260620_164311.jpg
2026-06-20 18:07:47,879 [WARNING] No expiry date found on the image.
2026-06-20 18:07:47,890 [INFO] Processing image: /sekhemet/scratch/gpyda/Deep_Learning_Project/reallife_pictures/20260620_164318.jpg
2026-06-20 18:07:47,963 [INFO] Extracted Text: 
2026-06-20 18:07:47,974 [INFO] Processing image: /sekhemet/scratch/gpyda/Deep_Learning_Project/reallife_pictures/73e2498c-93f5-4aec-b839-bc10c3358524.jpg
2026-06-20 18:07:48,007 [INFO] Extracted Text: 03/2028
